Running Gradle task 'assembleRelease'...                        
flutter : e: file:///D:/Flutt
er/todo_bloc_app/todo_app/and
roid/build.gradle.kts:6:5: 
Unresolved reference: ext
At line:1 char:1
+ flutter build apk 
--release > build_output.txt 
2>&1
+ ~~~~~~~~~~~~~~~~~~~~~~~~~~~
~~~~~~~~~~~~~~~~~~~~~~~~
    + CategoryInfo           
   : NotSpecified: (e: file  
  :///D:/F... reference: e   
 xt:String) [], RemoteExc    
eption
    + FullyQualifiedErrorId  
   : NativeCommandError
 
e: file:///D:/Flutter/todo_bl
oc_app/todo_app/android/build
.gradle.kts:7:9: Unresolved 
reference: kotlin_version
e: file:///D:/Flutter/todo_bl
oc_app/todo_app/android/build
.gradle.kts:15:63: 
Unresolved reference: 
kotlin_version

FAILURE: Build failed with 
an exception.

* Where:
Build file 'D:\Flutter\todo_b
loc_app\todo_app\android\buil
d.gradle.kts' line: 6

* What went wrong:
Script compilation errors:

  Line 06:     ext {
               ^ Unresolved 
reference: ext

  Line 07:         
kotlin_version = "1.9.10"
                   ^ 
Unresolved reference: 
kotlin_version

  Line 15:         classpath(
"org.jetbrains.kotlin:kotlin-
gradle-plugin:$kotlin_version
")
                             
                             
               ^ Unresolved 
reference: kotlin_version

3 errors

* Try:
> Run with --stacktrace 
option to get the stack 
trace.
> Run with --info or --debug 
option to get more log 
output.
> Run with --scan to get 
full insights.
> Get more help at 
https://help.gradle.org.

BUILD FAILED in 1s
Running Gradle task 'assembleRelease'...                         1,407ms
Gradle task assembleRelease 
failed with exit code 1
